[backblue.gif]
[fade.gif]
[index.html]
[kgswc.org/feed/index.html]
[kgswc.org/comments/feed/index.html]
[kgswc.org/wp-content/plugins/pagelayer/css/givecss09e8.css]
[kgswc.org/wp-includes/js/jquery/jquery.minf43b.js]
[kgswc.org/wp-includes/js/jquery/jquery-migrate.min5589.js]
[kgswc.org/wp-content/plugins/pagelayer/js/givejs7381.php]
[kgswc.org/wp-json/wp/v2/pages/22.json]
[kgswc.org/wp-json/index.html]
[kgswc.org/xmlrpc0db0.php]
[kgswc.org/wp-json/oembed/1.0/embed3c71.json]
[kgswc.org/wp-json/oembed/1.0/embed6866]
[kgswc.org/wp-content/uploads/2023/02/logo_2023.png]
[kgswc.org/wp-content/uploads/2023/02/universidadzaragozalogo.png]
[kgswc.org/wp-content/uploads/2022/02/entrada-1024x433-1.png]
[kgswc.org/wp-content/uploads/2023/11/DAY13.jpg]
[kgswc.org/wp-content/uploads/2023/11/DAY14.jpg]
[kgswc.org/wp-content/uploads/2023/11/DAY15.jpg]
[kgswc.org/wp-content/uploads/2023/10/FOOTER.png]
[kgswc.org/wp-content/themes/popularfx/js/navigation9632.js]
[kgswc.org/index.html]
[kgswc.org/wp-content/plugins/pagelayer/images/nivo-icons/loading.gif]
[kgswc.org/wp-content/plugins/pagelayer/images/nivo-icons/prev.png]
[kgswc.org/wp-content/plugins/pagelayer/images/nivo-icons/next.png]
[kgswc.org/wp-content/plugins/pagelayer/images/nivo-icons/close.png]
[kgswc.org/wp-content/plugins/pagelayer/images/nivo-icons/loading@2x.gif]
[kgswc.org/wp-content/plugins/pagelayer/images/nivo-icons/prev@2x.png]
[kgswc.org/wp-content/plugins/pagelayer/images/nivo-icons/next@2x.png]
[kgswc.org/wp-content/plugins/pagelayer/images/nivo-icons/close@2x.png]
[kgswc.org/wp-content/plugins/pagelayer/fonts/fa-brands-400.eot]
[kgswc.org/wp-content/plugins/pagelayer/fonts/fa-brands-400d41d.eot]
[kgswc.org/wp-content/plugins/pagelayer/fonts/fa-brands-400.woff2]
[kgswc.org/wp-content/plugins/pagelayer/fonts/fa-brands-400.woff]
[kgswc.org/wp-content/plugins/pagelayer/fonts/fa-brands-400.ttf]
[kgswc.org/wp-content/plugins/pagelayer/fonts/fa-regular-400.eot]
[kgswc.org/wp-content/plugins/pagelayer/fonts/fa-regular-400d41d.eot]
[kgswc.org/wp-content/plugins/pagelayer/fonts/fa-regular-400.woff2]
[kgswc.org/wp-content/plugins/pagelayer/fonts/fa-regular-400.woff]
[kgswc.org/wp-content/plugins/pagelayer/fonts/fa-regular-400.ttf]
[kgswc.org/wp-content/plugins/pagelayer/fonts/fa-solid-900.eot]
[kgswc.org/wp-content/plugins/pagelayer/fonts/fa-solid-900d41d.eot]
[kgswc.org/wp-content/plugins/pagelayer/fonts/fa-solid-900.woff2]
[kgswc.org/wp-content/plugins/pagelayer/fonts/fa-solid-900.woff]
[kgswc.org/wp-content/plugins/pagelayer/fonts/fa-solid-900.ttf]
[kgswc.org/wp-content/plugins/pagelayer/css/givecss09e8.css]
[kgswc.org/wp-includes/css/dist/block-library/style.min84fc.css]
[kgswc.org/wp-content/uploads/popularfx-templates/financy/style9632.css]
[kgswc.org/wp-content/themes/popularfx/sidebar9632.css]
[kgswc.org/wp-json/wp/v2/pages/84.json]
[kgswc.org/wp-json/oembed/1.0/embed7c0e.json]
[kgswc.org/wp-json/oembed/1.0/embedc882]
[kgswc.org/committee/index.html]
[kgswc.org/wp-json/wp/v2/pages/104.json]
[kgswc.org/wp-json/oembed/1.0/embedfe37.json]
[kgswc.org/wp-json/oembed/1.0/embedc8f5]
[kgswc.org/call-of-papers/index.html]
[kgswc.org/wp-json/wp/v2/pages/110.json]
[kgswc.org/wp-json/oembed/1.0/embed180b.json]
[kgswc.org/wp-json/oembed/1.0/embedefba]
[kgswc.org/important-dates/index.html]
[kgswc.org/wp-json/wp/v2/pages/114.json]
[kgswc.org/wp-json/oembed/1.0/embedcf02.json]
[kgswc.org/wp-json/oembed/1.0/embed9180]
[kgswc.org/wp-content/uploads/2023/02/claudia_de_amato.jpg]
[kgswc.org/wp-content/uploads/2023/02/Valentina.jpg]
[kgswc.org/wp-content/uploads/2023/03/deborah-McGuinnes-1420x1536-1.jpg]
[kgswc.org/wp-content/uploads/2022/03/Pascal_speakers.jpg]
[kgswc.org/wp-content/uploads/2023/02/steffen_staff.jpg]
[kgswc.org/keynote-speakers/index.html]
[kgswc.org/wp-json/wp/v2/pages/120.json]
[kgswc.org/wp-json/oembed/1.0/embed4720.json]
[kgswc.org/wp-json/oembed/1.0/embedeed1]
[kgswc.org/venue/index.html]
[kgswc.org/wp-json/wp/v2/pages/124.json]
[kgswc.org/wp-json/oembed/1.0/embede87d.json]
[kgswc.org/wp-json/oembed/1.0/embedf331]
[kgswc.org/journal-publications/index.html]
[kgswc.org/wp-json/wp/v2/pages/222.json]
[kgswc.org/wp-json/oembed/1.0/embed4335.json]
[kgswc.org/wp-json/oembed/1.0/embeddbbb]
[kgswc.org/hackathon/index.html]
[kgswc.org/wp-json/wp/v2/pages/129.json]
[kgswc.org/wp-json/oembed/1.0/embedc982.json]
[kgswc.org/wp-json/oembed/1.0/embed3e4d]
[kgswc.org/previous-events/index.html]
[kgswc.org/wp-json/wp/v2/pages/472.json]
[kgswc.org/wp-json/oembed/1.0/embed7572.json]
[kgswc.org/wp-json/oembed/1.0/embedef1f]
[kgswc.org/history/index.html]
[kgswc.org/wp-json/wp/v2/pages/468.json]
[kgswc.org/wp-json/oembed/1.0/embede133.json]
[kgswc.org/wp-json/oembed/1.0/embede49f]
[kgswc.org/home-2022/index.html]
[kgswc.org/wp-json/wp/v2/pages/499.json]
[kgswc.org/wp-json/oembed/1.0/embede12b.json]
[kgswc.org/wp-json/oembed/1.0/embed8504]
[kgswc.org/committee-2022/index.html]
[kgswc.org/wp-json/wp/v2/pages/496.json]
[kgswc.org/wp-json/oembed/1.0/embed0201.json]
[kgswc.org/wp-json/oembed/1.0/embed9ede]
[kgswc.org/call-of-papers-2022/index.html]
[kgswc.org/wp-json/wp/v2/pages/505.json]
[kgswc.org/wp-json/oembed/1.0/embed04d7.json]
[kgswc.org/wp-json/oembed/1.0/embed8833]
[kgswc.org/important-dates-2022/index.html]
[kgswc.org/wp-json/wp/v2/pages/509.json]
[kgswc.org/wp-json/oembed/1.0/embed597f.json]
[kgswc.org/wp-json/oembed/1.0/embed8689]
[kgswc.org/wp-content/uploads/2022/05/maria_esther-150x150.png]
[kgswc.org/wp-content/uploads/2022/05/ora_lassila-150x150.png]
[kgswc.org/wp-content/uploads/2022/03/italiano-150x150.png]
[kgswc.org/wp-content/uploads/2022/03/pascal-150x150.png]
[kgswc.org/wp-content/uploads/2022/04/paul2-150x150.png]
[kgswc.org/keynote-speakers-2022/index.html]
[kgswc.org/wp-json/wp/v2/pages/475.json]
[kgswc.org/wp-json/oembed/1.0/embed3503.json]
[kgswc.org/wp-json/oembed/1.0/embed0aff]
[kgswc.org/wp-content/uploads/2022/02/camilo_sela.png]
[kgswc.org/venue-2022/index.html]
[kgswc.org/wp-json/wp/v2/pages/512.json]
[kgswc.org/wp-json/oembed/1.0/embeddf0c.json]
[kgswc.org/wp-json/oembed/1.0/embedac48]
[kgswc.org/accepted-papers-2022/index.html]
[kgswc.org/wp-json/wp/v2/pages/519.json]
[kgswc.org/wp-json/oembed/1.0/embed5e72.json]
[kgswc.org/wp-json/oembed/1.0/embedffb5]
[kgswc.org/participation-latin-american-industry-track-latami-2022/index.html]
[kgswc.org/wp-json/wp/v2/pages/384.json]
[kgswc.org/wp-json/oembed/1.0/embedfa24.json]
[kgswc.org/wp-json/oembed/1.0/embed0da6]
[kgswc.org/industry-talk-1-semantic-data-models-construction-in-the-h2020-platoon-project/index.html]
[kgswc.org/wp-json/wp/v2/pages/388.json]
[kgswc.org/wp-json/oembed/1.0/embed0d78.json]
[kgswc.org/wp-json/oembed/1.0/embed901a]
[kgswc.org/industry-talk-2-ontologies-for-building-digital-twins/index.html]
[kgswc.org/wp-json/wp/v2/pages/525.json]
[kgswc.org/wp-json/oembed/1.0/embed58ef.json]
[kgswc.org/wp-json/oembed/1.0/embed211b]
[kgswc.org/school-2022/index.html]
[kgswc.org/wp-json/wp/v2/pages/195.json]
[kgswc.org/wp-json/oembed/1.0/embed97ad.json]
[kgswc.org/wp-json/oembed/1.0/embed7366]
[kgswc.org/summer-cuba/index.html]
[kgswc.org/wp-json/wp/v2/pages/198.json]
[kgswc.org/wp-json/oembed/1.0/embed0f34.json]
[kgswc.org/wp-json/oembed/1.0/embeddb8d]
[kgswc.org/wp-content/uploads/2022/10/winter_madrid_poster.jpg]
[kgswc.org/winter-madrid/index.html]
[kgswc.org/wp-json/wp/v2/pages/577.json]
[kgswc.org/wp-json/oembed/1.0/embed3f40.json]
[kgswc.org/wp-json/oembed/1.0/embed2bdb]
[kgswc.org/workshops-2022/index.html]
[kgswc.org/wp-json/wp/v2/pages/252.json]
[kgswc.org/wp-json/oembed/1.0/embed81fc.json]
[kgswc.org/wp-json/oembed/1.0/embed8e23]
[kgswc.org/wp-content/uploads/2022/05/semantic_logo-300x89.jpg]
[kgswc.org/4th-international-workshop-on-semantic-web-iwsw-2022/index.html]
[kgswc.org/wp-json/wp/v2/pages/190.json]
[kgswc.org/wp-json/oembed/1.0/embed3ca9.json]
[kgswc.org/wp-json/oembed/1.0/embed51c0]
[kgswc.org/1st-international-workshop-on-semantic-iot-iwsiot-2022/index.html]
[kgswc.org/wp-json/wp/v2/pages/184.json]
[kgswc.org/wp-json/oembed/1.0/embed610a.json]
[kgswc.org/wp-json/oembed/1.0/embed32a0]
[kgswc.org/2nd-international-workshop-on-multilingual-semantic-web-iwmsw-2022/index.html]
[kgswc.org/wp-json/wp/v2/pages/187.json]
[kgswc.org/wp-json/oembed/1.0/embedb980.json]
[kgswc.org/wp-json/oembed/1.0/embed8daa]
[kgswc.org/2nd-international-workshop-on-deep-learning-for-question-answering-iwdlq-2022/index.html]
[kgswc.org/wp-json/wp/v2/pages/232.json]
[kgswc.org/wp-json/oembed/1.0/embede041.json]
[kgswc.org/wp-json/oembed/1.0/embed6dba]
[kgswc.org/2nd-international-workshop-on-joint-use-of-probabilistic-graphical-models-and-ontologypgmonto-2022/index.html]
[kgswc.org/wp-json/wp/v2/pages/132.json]
[kgswc.org/wp-json/oembed/1.0/embed6b95.json]
[kgswc.org/wp-json/oembed/1.0/embed97c3]
[kgswc.org/wp-content/uploads/2022/02/2021.jpg]
[kgswc.org/kgswc-2021/index.html]
[kgswc.org/wp-json/wp/v2/pages/137.json]
[kgswc.org/wp-json/oembed/1.0/embed5394.json]
[kgswc.org/wp-json/oembed/1.0/embed0472]
[kgswc.org/wp-content/uploads/2022/02/2020.jpg]
[kgswc.org/kgswc-2020/index.html]
[kgswc.org/wp-json/wp/v2/pages/143.json]
[kgswc.org/wp-json/oembed/1.0/embed4dd6.json]
[kgswc.org/wp-json/oembed/1.0/embedccda]
[kgswc.org/wp-content/uploads/2022/02/2019.jpg]
[kgswc.org/kgswc-2019/index.html]
[kgswc.org/wp-json/wp/v2/pages/556.json]
[kgswc.org/wp-json/oembed/1.0/embed0c2e.json]
[kgswc.org/wp-json/oembed/1.0/embed10e7]
[kgswc.org/workshops-2023/index.html]
[kgswc.org/wp-json/wp/v2/pages/565.json]
[kgswc.org/wp-json/oembed/1.0/embede892.json]
[kgswc.org/wp-json/oembed/1.0/embed8ad6]
[kgswc.org/3rd-international-workshop-on-multilingual-semantic-web-iwmsw-2023/index.html]
[kgswc.org/wp-json/wp/v2/pages/673.json]
[kgswc.org/wp-json/oembed/1.0/embedb571.json]
[kgswc.org/wp-json/oembed/1.0/embedc68c]
[kgswc.org/2nd-international-workshop-on-semantic-iot-iwsiot2023/index.html]
[kgswc.org/wp-json/wp/v2/pages/258.json]
[kgswc.org/wp-json/oembed/1.0/embed8c93.json]
[kgswc.org/wp-json/oembed/1.0/embed8223]
[kgswc.org/participation-latin-american-industry-track-latami/index.html]
[kgswc.org/wp-json/wp/v2/pages/172.json]
[kgswc.org/wp-json/oembed/1.0/embedb49f.json]
[kgswc.org/wp-json/oembed/1.0/embed12aa]
[kgswc.org/wp-content/uploads/2023/10/Winter-school-Poster-2023-5.png]
[kgswc.org/school/index.html]
[kgswc.org/wp-json/wp/v2/pages/587.json]
[kgswc.org/wp-json/oembed/1.0/embed3a75.json]
[kgswc.org/wp-json/oembed/1.0/embed4157]
[kgswc.org/call-for-sponsors/index.html]
[kgswc.org/wp-json/wp/v2/pages/601.json]
[kgswc.org/wp-json/oembed/1.0/embed4a43.json]
[kgswc.org/wp-json/oembed/1.0/embed84bc]
[kgswc.org/wp-content/uploads/2023/04/Ultipa-Transparent-Sponsors-logo.png]
[kgswc.org/wp-content/uploads/2023/09/IET-LOGO.jpg]
[kgswc.org/wp-content/uploads/2023/05/LOGO_TRnsp_HR.png]
[kgswc.org/wp-content/uploads/2023/07/LOGO-BDTA-RGB_COLOR.png]
[kgswc.org/wp-content/uploads/2023/10/Logo-Global-NTT-DATA-Future-Blue-RGB.png]
[kgswc.org/wp-content/uploads/2023/10/SWARM-Wordmark.png]
[kgswc.org/wp-content/uploads/2023/10/informatica_e_ingenieria_de_sistemas-color.png]
[kgswc.org/our-sponsors/index.html]
[kgswc.org/wp-json/wp/v2/pages/613.json]
[kgswc.org/wp-json/oembed/1.0/embeded25.json]
[kgswc.org/wp-json/oembed/1.0/embed2bb0]
[kgswc.org/registration/index.html]
[kgswc.org/wp-json/wp/v2/pages/706.json]
[kgswc.org/wp-json/oembed/1.0/embed7c98.json]
[kgswc.org/wp-json/oembed/1.0/embedae39]
[kgswc.org/schedule/index.html]
[kgswc.org/wp-json/wp/v2/pages/428.json]
[kgswc.org/wp-json/oembed/1.0/embed314f.json]
[kgswc.org/wp-json/oembed/1.0/embedc158]
[kgswc.org/wp-content/uploads/2022/11/semantic_schedule_pm18_a.pdf]
[kgswc.org/wp-content/plugins/pdf-embedder/assets/js/min/all-pdfemb-min84fc.js]
[kgswc.org/wp-content/plugins/pdf-embedder/assets/js/pdfjs/pdf.min82d0.js]
[kgswc.org/knowledge-graphs-and-semantic-web-conference-2022-schedule/index.html]
[kgswc.org/wp-content/plugins/pagelayer/css/owl.video.play.html]
[kgswc.org/wp-content/plugins/pagelayer/fonts/fa-brands-400.svg]
[kgswc.org/wp-content/plugins/pagelayer/fonts/fa-regular-400.svg]
[kgswc.org/wp-content/plugins/pagelayer/fonts/fa-solid-900.svg]
[kgswc.org/index735a.html]
[kgswc.org/index9430.html]
[kgswc.org/index5f87.html]
[kgswc.org/index30a5.html]
[kgswc.org/index2c90.html]
[kgswc.org/indexd4a6.html]
[kgswc.org/indexb4c1.html]
[kgswc.org/index1c00.html]
[kgswc.org/index8c8c.html]
[kgswc.org/index4c66.html]
[kgswc.org/wp-json/wp/v2/pages/416.json]
[kgswc.org/wp-json/oembed/1.0/embed9030.json]
[kgswc.org/wp-json/oembed/1.0/embed595e]
[kgswc.org/wp-content/uploads/2022/11/winter_school_22_c.pdf]
[kgswc.org/winter-school-2022-schedule/index.html]
[kgswc.org/indexa862.html]
[kgswc.org/index0a18.html]
[kgswc.org/index9b9e.html]
[kgswc.org/index321c.html]
[kgswc.org/index8a0c.html]
[kgswc.org/indexb87d.html]
[kgswc.org/indexcc08.html]
[kgswc.org/index6905.html]
[kgswc.org/index42a9.html]
[kgswc.org/index27cd.html]
[kgswc.org/index78d6.html]
[kgswc.org/indexd1c3.html]
[kgswc.org/indexe7fb.html]
[kgswc.org/indexa943.html]
[kgswc.org/index261b.html]
[kgswc.org/index48fd.html]
[kgswc.org/indexc885.html]
[kgswc.org/index80c9.html]
[kgswc.org/index31a3.html]
[kgswc.org/index60d6.html]
[kgswc.org/indexdc22.html]
[kgswc.org/indexa215.html]
[kgswc.org/indexcfab.html]
[kgswc.org/index8631.html]
[kgswc.org/indexb773.html]
[kgswc.org/indexf4d1.html]
[kgswc.org/index4c2b.html]
[kgswc.org/indexbdc9.html]
[kgswc.org/index44fb.html]
[kgswc.org/indexf8ad.html]
[kgswc.org/indexc7ce.html]
[kgswc.org/wp-content/plugins/pdf-embedder/assets/img/toolbarButton-pageUp.png]
[kgswc.org/wp-content/plugins/pdf-embedder/assets/img/toolbarButton-pageDown.png]
[kgswc.org/wp-content/plugins/pdf-embedder/assets/img/toolbarButton-zoomOut.png]
[kgswc.org/wp-content/plugins/pdf-embedder/assets/img/toolbarButton-zoomIn.png]
[kgswc.org/wp-content/plugins/pdf-embedder/assets/img/toolbarButton-presentationMode.png]
[kgswc.org/wp-content/plugins/pdf-embedder/assets/img/toolbarButton-download.png]
[kgswc.org/wp-content/plugins/pdf-embedder/assets/css/pdfemb-embed-pdf82d0.css]
[kgswc.org/index5750.html]
